// Vitest Snapshot v1

exports[`Render App correctly to snapshot 1`] = `[Function]`;
